// Jest Snapshot v1, https://goo.gl/fbAQLP

exports[`<Posts /> matches the snapshot 1`] = `
<DocumentFragment>
  <div
    class="posts container mt-5"
  >
    <div
      class="share"
    >
      <div
        class="container"
      >
        <div
          class="top"
        >
          <img
            alt=""
          />
          <input
            placeholder="What's on your mind, testuser?"
            type="text"
            value=""
          />
        </div>
        <hr />
        <div
          class="bottom"
        >
          <div
            class="left"
          >
            <input
              id="file"
              style="display: none;"
              type="file"
            />
            <label
              for="file"
            >
              <div
                class="item"
              >
                <svg
                  aria-hidden="true"
                  class="MuiSvgIcon-root MuiSvgIcon-fontSizeMedium css-i4bv87-MuiSvgIcon-root"
                  data-testid="PhotoCameraIcon"
                  focusable="false"
                  viewBox="0 0 24 24"
                >
                  <circle
                    cx="12"
                    cy="12"
                    r="3.2"
                  />
                  <path
                    d="M9 2 7.17 4H4c-1.1 0-2 .9-2 2v12c0 1.1.9 2 2 2h16c1.1 0 2-.9 2-2V6c0-1.1-.9-2-2-2h-3.17L15 2H9zm3 15c-2.76 0-5-2.24-5-5s2.24-5 5-5 5 2.24 5 5-2.24 5-5 5z"
                  />
                </svg>
                <span>
                  Add Image
                </span>
                 
              </div>
            </label>
          </div>
          <div
            class="right"
          >
            <button
              class="sc-dmyDmy sc-eDLKEg fLZzbZ cCJcPf"
            >
              Post
            </button>
            <button
              class="sc-dmyDmy sc-hLQTFJ fLZzbZ gWzgGU"
            >
              Cancel
            </button>
          </div>
        </div>
      </div>
    </div>
    <div
      class="row"
    />
  </div>
</DocumentFragment>
`;
