// Jest Snapshot v1, https://goo.gl/fbAQLP

exports[`Profile Component matches snapshot 1`] = `
<DocumentFragment>
  <div
    class="profile container mt-4"
  >
    <a
      href="/"
    >
      <svg
        aria-hidden="true"
        class="MuiSvgIcon-root MuiSvgIcon-fontSizeMedium back-button css-i4bv87-MuiSvgIcon-root"
        data-testid="ArrowBackIosIcon"
        focusable="false"
        viewBox="0 0 24 24"
      >
        <path
          d="M11.67 3.87 9.9 2.1 0 12l9.9 9.9 1.77-1.77L3.54 12z"
        />
      </svg>
    </a>
    <div
      class="row mt-5"
    >
      <div
        class="col-12 text-center mt-3"
      >
        <div
          class="profile-pic-wrapper"
        >
          <img
            alt="testuser"
            class="img-fluid rounded-circle profile-pic"
            src="https://via.placeholder.com/150"
          />
          <input
            accept="image/*"
            id="profile-pic-input"
            style="display: none;"
            type="file"
          />
          <label
            class="profile-picture-label"
            for="profile-pic-input"
          >
            <svg
              aria-hidden="true"
              class="MuiSvgIcon-root MuiSvgIcon-fontSizeMedium css-i4bv87-MuiSvgIcon-root"
              data-testid="AddAPhotoIcon"
              focusable="false"
              style="font-size: 18px; color: rgb(147, 142, 239);"
              viewBox="0 0 24 24"
            >
              <path
                d="M3 4V1h2v3h3v2H5v3H3V6H0V4h3zm3 6V7h3V4h7l1.83 2H21c1.1 0 2 .9 2 2v12c0 1.1-.9 2-2 2H5c-1.1 0-2-.9-2-2V10h3zm7 9c2.76 0 5-2.24 5-5s-2.24-5-5-5-5 2.24-5 5 2.24 5 5 5zm-3.2-5c0 1.77 1.43 3.2 3.2 3.2s3.2-1.43 3.2-3.2-1.43-3.2-3.2-3.2-3.2 1.43-3.2 3.2z"
              />
            </svg>
          </label>
        </div>
      </div>
    </div>
    <div
      class="row"
    >
      <div
        class="col-4 text-center"
      />
      <div
        class="col-4 text-center"
      >
        <h3>
          <strong>
            testuser
          </strong>
        </h3>
        <p>
          <svg
            aria-hidden="true"
            class="MuiSvgIcon-root MuiSvgIcon-fontSizeMedium css-i4bv87-MuiSvgIcon-root"
            data-testid="EmailOutlinedIcon"
            focusable="false"
            viewBox="0 0 24 24"
          >
            <path
              d="M22 6c0-1.1-.9-2-2-2H4c-1.1 0-2 .9-2 2v12c0 1.1.9 2 2 2h16c1.1 0 2-.9 2-2V6zm-2 0-8 5-8-5h16zm0 12H4V8l8 5 8-5v10z"
            />
          </svg>
           test@example.com
        </p>
        <p>
          <svg
            aria-hidden="true"
            class="MuiSvgIcon-root MuiSvgIcon-fontSizeMedium css-i4bv87-MuiSvgIcon-root"
            data-testid="PhoneIcon"
            focusable="false"
            viewBox="0 0 24 24"
          >
            <path
              d="M6.62 10.79c1.44 2.83 3.76 5.14 6.59 6.59l2.2-2.2c.27-.27.67-.36 1.02-.24 1.12.37 2.33.57 3.57.57.55 0 1 .45 1 1V20c0 .55-.45 1-1 1-9.39 0-17-7.61-17-17 0-.55.45-1 1-1h3.5c.55 0 1 .45 1 1 0 1.25.2 2.45.57 3.57.11.35.03.74-.25 1.02l-2.2 2.2z"
            />
          </svg>
           1234567890
        </p>
        <p>
          <svg
            aria-hidden="true"
            class="MuiSvgIcon-root MuiSvgIcon-fontSizeMedium css-i4bv87-MuiSvgIcon-root"
            data-testid="PlaceIcon"
            focusable="false"
            viewBox="0 0 24 24"
          >
            <path
              d="M12 2C8.13 2 5 5.13 5 9c0 5.25 7 13 7 13s7-7.75 7-13c0-3.87-3.13-7-7-7zm0 9.5c-1.38 0-2.5-1.12-2.5-2.5s1.12-2.5 2.5-2.5 2.5 1.12 2.5 2.5-1.12 2.5-2.5 2.5z"
            />
          </svg>
          12345
        </p>
        <p>
          <svg
            aria-hidden="true"
            class="MuiSvgIcon-root MuiSvgIcon-fontSizeMedium css-i4bv87-MuiSvgIcon-root"
            data-testid="VisibilityOffIcon"
            focusable="false"
            viewBox="0 0 24 24"
          >
            <path
              d="M12 7c2.76 0 5 2.24 5 5 0 .65-.13 1.26-.36 1.83l2.92 2.92c1.51-1.26 2.7-2.89 3.43-4.75-1.73-4.39-6-7.5-11-7.5-1.4 0-2.74.25-3.98.7l2.16 2.16C10.74 7.13 11.35 7 12 7zM2 4.27l2.28 2.28.46.46C3.08 8.3 1.78 10.02 1 12c1.73 4.39 6 7.5 11 7.5 1.55 0 3.03-.3 4.38-.84l.42.42L19.73 22 21 20.73 3.27 3 2 4.27zM7.53 9.8l1.55 1.55c-.05.21-.08.43-.08.65 0 1.66 1.34 3 3 3 .22 0 .44-.03.65-.08l1.55 1.55c-.67.33-1.41.53-2.2.53-2.76 0-5-2.24-5-5 0-.79.2-1.53.53-2.2zm4.31-.78 3.15 3.15.02-.16c0-1.66-1.34-3-3-3l-.17.01z"
            />
          </svg>
          ********
        </p>
        <button
          class="sc-beyTiQ sc-guDMob kXHBDX hsoiRu"
        >
          Edit
        </button>
      </div>
      <div
        class="col-4 text-center"
      />
    </div>
    <div>
      EditProfileModalMock
    </div>
  </div>
</DocumentFragment>
`;
