// Jest Snapshot v1, https://goo.gl/fbAQLP

exports[`Login Component matches snapshot 1`] = `
Object {
  "asFragment": [Function],
  "baseElement": <body>
    <div>
      <div
        class="register d-flex align-items-center vh-100"
      >
        <div
          class="card mx-auto"
          style="max-width: 800px;"
        >
          <div
            class="row g-0"
          >
            <div
              class="col-md-6 d-flex flex-column justify-content-center align-items-center p-5 text-white bg-primary"
            >
              <h2
                class="display-1 mb-4"
              >
                Hello World.
              </h2>
              <span
                class="mb-3"
              >
                First time?
              </span>
              <a
                href="/register"
              >
                <button
                  class="sc-beyTiQ sc-guDMob lfzEJE dKAXvw"
                >
                  REGISTER
                </button>
              </a>
            </div>
            <div
              class="col-md-6 d-flex flex-column justify-content-center p-5"
            >
              <h2
                class="mb-4"
              >
                Login
              </h2>
              <form>
                <div
                  class="mb-3"
                >
                  <input
                    class="form-control w-100"
                    placeholder="Username"
                    type="text"
                    value=""
                  />
                </div>
                <div
                  class="mb-3"
                >
                  <input
                    class="form-control w-100"
                    placeholder="Password (Street Name)"
                    type="password"
                    value=""
                  />
                </div>
                <div
                  class="d-flex justify-content-center"
                >
                  <button
                    class="sc-beyTiQ lfzEJE"
                    type="submit"
                  >
                    LOGIN
                  </button>
                </div>
              </form>
            </div>
          </div>
        </div>
      </div>
    </div>
  </body>,
  "container": <div>
    <div
      class="register d-flex align-items-center vh-100"
    >
      <div
        class="card mx-auto"
        style="max-width: 800px;"
      >
        <div
          class="row g-0"
        >
          <div
            class="col-md-6 d-flex flex-column justify-content-center align-items-center p-5 text-white bg-primary"
          >
            <h2
              class="display-1 mb-4"
            >
              Hello World.
            </h2>
            <span
              class="mb-3"
            >
              First time?
            </span>
            <a
              href="/register"
            >
              <button
                class="sc-beyTiQ sc-guDMob lfzEJE dKAXvw"
              >
                REGISTER
              </button>
            </a>
          </div>
          <div
            class="col-md-6 d-flex flex-column justify-content-center p-5"
          >
            <h2
              class="mb-4"
            >
              Login
            </h2>
            <form>
              <div
                class="mb-3"
              >
                <input
                  class="form-control w-100"
                  placeholder="Username"
                  type="text"
                  value=""
                />
              </div>
              <div
                class="mb-3"
              >
                <input
                  class="form-control w-100"
                  placeholder="Password (Street Name)"
                  type="password"
                  value=""
                />
              </div>
              <div
                class="d-flex justify-content-center"
              >
                <button
                  class="sc-beyTiQ lfzEJE"
                  type="submit"
                >
                  LOGIN
                </button>
              </div>
            </form>
          </div>
        </div>
      </div>
    </div>
  </div>,
  "debug": [Function],
  "findAllByAltText": [Function],
  "findAllByDisplayValue": [Function],
  "findAllByLabelText": [Function],
  "findAllByPlaceholderText": [Function],
  "findAllByRole": [Function],
  "findAllByTestId": [Function],
  "findAllByText": [Function],
  "findAllByTitle": [Function],
  "findByAltText": [Function],
  "findByDisplayValue": [Function],
  "findByLabelText": [Function],
  "findByPlaceholderText": [Function],
  "findByRole": [Function],
  "findByTestId": [Function],
  "findByText": [Function],
  "findByTitle": [Function],
  "getAllByAltText": [Function],
  "getAllByDisplayValue": [Function],
  "getAllByLabelText": [Function],
  "getAllByPlaceholderText": [Function],
  "getAllByRole": [Function],
  "getAllByTestId": [Function],
  "getAllByText": [Function],
  "getAllByTitle": [Function],
  "getByAltText": [Function],
  "getByDisplayValue": [Function],
  "getByLabelText": [Function],
  "getByPlaceholderText": [Function],
  "getByRole": [Function],
  "getByTestId": [Function],
  "getByText": [Function],
  "getByTitle": [Function],
  "queryAllByAltText": [Function],
  "queryAllByDisplayValue": [Function],
  "queryAllByLabelText": [Function],
  "queryAllByPlaceholderText": [Function],
  "queryAllByRole": [Function],
  "queryAllByTestId": [Function],
  "queryAllByText": [Function],
  "queryAllByTitle": [Function],
  "queryByAltText": [Function],
  "queryByDisplayValue": [Function],
  "queryByLabelText": [Function],
  "queryByPlaceholderText": [Function],
  "queryByRole": [Function],
  "queryByTestId": [Function],
  "queryByText": [Function],
  "queryByTitle": [Function],
  "rerender": [Function],
  "unmount": [Function],
}
`;
